---
source: tests/integration_test.rs
expression: "&config_result.config_content"
---
# Namespace for file data_block_1.xml: 1
# Namespace for file data_block_2.xml: 1
# Namespace for file sample_db.xml: 1

##################################

# Global tags can be specified here in key="value" format.
[global_tags]

# Configuration for telegraf agent
[agent]
  ## Default data collection interval for all inputs
  interval = "1000ms"
  round_interval = true

  metric_batch_size = 10000
  metric_buffer_limit = 100000

  collection_jitter = "0s"
  flush_interval = "10s"
  flush_jitter = "0s"
  precision = "0s"

  ## Log at debug level.
  # debug = false
  ## Log only error level messages.
  # quiet = false

  hostname = ""
  omit_hostname = false

# Configuration for sending metrics to InfluxDB 2.0
# Output to InfluxDB - Main process data
[[outputs.influxdb_v2]]
  urls = ["http://influxdb:8086"]
  token = "${INFLUXDB_TOKEN}"
  organization = "${INFLUXDB_ORG}"
  bucket = "${INFLUXDB_BUCKET}"
  namepass = ["opcua"]

# Output to InfluxDB - Diagnostics data
[[outputs.influxdb_v2]]
  urls = ["http://influxdb:8086"]
  token = "${INFLUXDB_TOKEN}"
  organization = "${INFLUXDB_ORG}"
  bucket = "${INFLUXDB_DIAGNOSTICS_BUCKET}"
  namepass = ["opcua_diagnostics", "internal*", "cpu", "mem", "disk", "net", "system", "swap"]

# Output to Prometheus
[[outputs.prometheus_client]]
  listen = ":9273"


#=================================================================================
#      (> •.•)> ⭐️ TEST INPUTS START - CPU, DISK, MEMORY - AUTOGENERATED 
#=================================================================================

[[inputs.cpu]]
  percpu = true
  totalcpu = true

[[inputs.swap]]

[[inputs.disk]]
  ## By default stats will be gathered for all mount points.
  ## Set mount_points will restrict the stats to only the specified mount points.
  # mount_points = ["/"]

  ## Ignore mount points by filesystem type.
  ignore_fs = ["tmpfs", "devtmpfs", "devfs", "iso9660", "overlay", "aufs", "squashfs"]

[[inputs.mem]]
  # no configuration

[[inputs.net]]
  # no configuration

[[inputs.system]]
  # no configuration

[[inputs.internal]]
  # Monitor Telegraf's internal performance
  collect_memstats = true

#=================================================================================
#                          TEST INPUTS END (੭｡╹▿╹｡)੭
#=================================================================================




[[inputs.opcua]]
  name = "opcua"
  endpoint = "opc.tcp://127.0.0.1:4840"
  connect_timeout = "300s"
  request_timeout = "10s"
  security_policy = "Basic256Sha256"
  security_mode = "SignAndEncrypt"
  certificate = ""
  private_key = ""
  auth_method = "UserName"
  username = ""
  password = ""
  timestamp = "gather"
  client_trace = false
  interval = "1000ms"
    [[inputs.opcua.group]]
      name = "Data_block_1"
      namespace = "1"
      identifier_type = "i"
      nodes = [
        {name="Data_block_1.Static_1", identifier="2"},
        {name="Data_block_1.Static_2", identifier="3"},
        {name="Data_block_1.Static_3", identifier="4"},
        {name="Data_block_1.Static_4", identifier="5"},
        {name="Data_block_1.Static_5", identifier="6"}
      ]
    


[[inputs.opcua]]
  name = "opcua"
  endpoint = "opc.tcp://127.0.0.1:4840"
  connect_timeout = "300s"
  request_timeout = "10s"
  security_policy = "Basic256Sha256"
  security_mode = "SignAndEncrypt"
  certificate = ""
  private_key = ""
  auth_method = "UserName"
  username = ""
  password = ""
  timestamp = "gather"
  client_trace = false
  interval = "1000ms"
    [[inputs.opcua.group]]
      name = "Data_block_2"
      namespace = "1"
      identifier_type = "i"
      nodes = [
        {name="Data_block_2.Struct", identifier="4"},
        {name="Data_block_2.Struct.Value_1", identifier="5"},
        {name="Data_block_2.Struct.Value_2", identifier="6"},
        {name="Data_block_2.Struct.Value_3", identifier="7"}
      ]
    


[[inputs.opcua]]
  name = "opcua"
  endpoint = "opc.tcp://127.0.0.1:4840"
  connect_timeout = "300s"
  request_timeout = "10s"
  security_policy = "Basic256Sha256"
  security_mode = "SignAndEncrypt"
  certificate = ""
  private_key = ""
  auth_method = "UserName"
  username = ""
  password = ""
  timestamp = "gather"
  client_trace = false
  interval = "1000ms"
    [[inputs.opcua.group]]
      name = "Sample_DB"
      namespace = "1"
      identifier_type = "i"
      nodes = [
        {name="Sample_DB.Real_1", identifier="2"},
        {name="Sample_DB.Real_2", identifier="3"},
        {name="Sample_DB.Real_3", identifier="4"},
        {name="Sample_DB.Real_4", identifier="5"},
        {name="Sample_DB.Real_5", identifier="6"}
      ]
